scu_18xx_43xx.h:135:20:Chip_SCU_PinMuxSet	16	static
scu_18xx_43xx.h:161:20:Chip_SCU_ClockPinMuxSet	16	static
scu_18xx_43xx.h:199:20:Chip_SCU_I2C0PinConfig	16	static
scu_18xx_43xx.h:219:20:Chip_SCU_DAC_Analog_Config	4	static
enet_18xx_43xx.h:583:20:Chip_ENET_RMIIEnable	16	static
gpio_18xx_43xx.h:95:20:Chip_GPIO_SetPinState	16	static
gpio_18xx_43xx.h:154:20:Chip_GPIO_SetPinDIROutput	16	static
uart_18xx_43xx.h:306:20:Chip_UART_TXEnable	16	static
uart_18xx_43xx.h:329:20:Chip_UART_SendByte	16	static
uart_18xx_43xx.h:342:23:Chip_UART_ReadByte	16	static
uart_18xx_43xx.h:425:20:Chip_UART_ConfigData	16	static
uart_18xx_43xx.h:512:24:Chip_UART_ReadLineStatus	16	static
libconfig-arm.h:247:5:__sys_write	32	static
libconfig-arm.h:241:5:__sys_readc	16	static
board.c:52:6:Board_UART_Init	16	static
board.c:60:6:Board_Debug_Init	8	static
board.c:75:6:Board_UARTPutChar	16	static
board.c:85:5:Board_UARTGetChar	8	static
board.c:96:6:Board_UARTPutSTR	16	static
board.c:106:6:Board_ENET_GetMacADDR	24	static
board.c:115:6:Board_Init	8	static
board.c:126:6:Board_I2C_Init	16	static
board.c:138:6:Board_SDMMC_Init	8	static
board.c:150:6:Board_SSP_Init	16	static
board.c:169:6:Board_DAC_Init	16	static
